{
    "homo sapiens -- stub": {
        "content": [
            {
                "0": [
                    [
                        {
                            "id": "test"
                        },
                        "test.recal:md5,d41d8cd98f00b204e9800998ecf8427e"
                    ]
                ],
                "1": [
                    [
                        {
                            "id": "test"
                        },
                        "test.idx:md5,d41d8cd98f00b204e9800998ecf8427e"
                    ]
                ],
                "2": [
                    [
                        {
                            "id": "test"
                        },
                        "test.tranches:md5,d41d8cd98f00b204e9800998ecf8427e"
                    ]
                ],
                "3": [
                    [
                        {
                            "id": "test"
                        },
                        "testplots.R:md5,d41d8cd98f00b204e9800998ecf8427e"
                    ]
                ],
                "4": [
                    "versions.yml:md5,12f6cca4dd81f3db921bcd06145f62e8"
                ],
                "idx": [
                    [
                        {
                            "id": "test"
                        },
                        "test.idx:md5,d41d8cd98f00b204e9800998ecf8427e"
                    ]
                ],
                "plots": [
                    [
                        {
                            "id": "test"
                        },
                        "testplots.R:md5,d41d8cd98f00b204e9800998ecf8427e"
                    ]
                ],
                "recal": [
                    [
                        {
                            "id": "test"
                        },
                        "test.recal:md5,d41d8cd98f00b204e9800998ecf8427e"
                    ]
                ],
                "tranches": [
                    [
                        {
                            "id": "test"
                        },
                        "test.tranches:md5,d41d8cd98f00b204e9800998ecf8427e"
                    ]
                ],
                "versions": [
                    "versions.yml:md5,12f6cca4dd81f3db921bcd06145f62e8"
                ]
            },
            {
                "SENTIEON_VARCAL": {
                    "sentieon": 202308.03
                }
            }
        ],
        "meta": {
            "nf-test": "0.9.2",
            "nextflow": "24.10.4"
        },
        "timestamp": "2025-04-21T13:06:16.191785081"
    },
    "homo sapiens": {
        "content": [
            {
                "0": [
                    [
                        {
                            "id": "test"
                        },
                        "test.recal:md5,9003bdfdd46ddf5d24d407de603fa254"
                    ]
                ],
                "1": [
                    [
                        {
                            "id": "test"
                        },
                        "test.recal.idx:md5,e1fbfed866e80f863a5c212c7bef8da2"
                    ]
                ],
                "2": [
                    [
                        {
                            "id": "test"
                        },
                        "test.tranches:md5,575517ff6abbc8d7bf7aee4eef449d29"
                    ]
                ],
                "3": [
                    
                ],
                "4": [
                    "versions.yml:md5,12f6cca4dd81f3db921bcd06145f62e8"
                ],
                "idx": [
                    [
                        {
                            "id": "test"
                        },
                        "test.recal.idx:md5,e1fbfed866e80f863a5c212c7bef8da2"
                    ]
                ],
                "plots": [
                    
                ],
                "recal": [
                    [
                        {
                            "id": "test"
                        },
                        "test.recal:md5,9003bdfdd46ddf5d24d407de603fa254"
                    ]
                ],
                "tranches": [
                    [
                        {
                            "id": "test"
                        },
                        "test.tranches:md5,575517ff6abbc8d7bf7aee4eef449d29"
                    ]
                ],
                "versions": [
                    "versions.yml:md5,12f6cca4dd81f3db921bcd06145f62e8"
                ]
            },
            {
                "SENTIEON_VARCAL": {
                    "sentieon": 202308.03
                }
            }
        ],
        "meta": {
            "nf-test": "0.9.2",
            "nextflow": "24.10.4"
        },
        "timestamp": "2025-04-21T13:05:48.378792551"
    }
}