{
    "test_tnhaplotyper2_emit_contamination_and_orientation_data -- stub": {
        "content": [
            {
                "0": [
                    
                ],
                "1": [
                    
                ],
                "2": [
                    
                ],
                "3": [
                    
                ],
                "4": [
                    
                ],
                "5": [
                    
                ],
                "6": [
                    
                ],
                "contamination_data": [
                    
                ],
                "contamination_segments": [
                    
                ],
                "index": [
                    
                ],
                "orientation_data": [
                    
                ],
                "stats": [
                    
                ],
                "vcf": [
                    
                ],
                "versions": [
                    
                ]
            }
        ],
        "meta": {
            "nf-test": "0.9.2",
            "nextflow": "24.10.5"
        },
        "timestamp": "2025-04-01T15:34:30.11209534"
    },
    "test_tnhaplotyper2_no_normal -- stub": {
        "content": [
            {
                "0": [
                    
                ],
                "1": [
                    
                ],
                "2": [
                    
                ],
                "3": [
                    
                ],
                "4": [
                    
                ],
                "5": [
                    
                ],
                "6": [
                    
                ],
                "contamination_data": [
                    
                ],
                "contamination_segments": [
                    
                ],
                "index": [
                    
                ],
                "orientation_data": [
                    
                ],
                "stats": [
                    
                ],
                "vcf": [
                    
                ],
                "versions": [
                    
                ]
            }
        ],
        "meta": {
            "nf-test": "0.9.2",
            "nextflow": "24.10.5"
        },
        "timestamp": "2025-04-01T15:34:48.042304499"
    },
    "test_tnhaplotyper2_no_pon -- stub": {
        "content": [
            {
                "0": [
                    
                ],
                "1": [
                    
                ],
                "2": [
                    
                ],
                "3": [
                    
                ],
                "4": [
                    
                ],
                "5": [
                    
                ],
                "6": [
                    
                ],
                "contamination_data": [
                    
                ],
                "contamination_segments": [
                    
                ],
                "index": [
                    
                ],
                "orientation_data": [
                    
                ],
                "stats": [
                    
                ],
                "vcf": [
                    
                ],
                "versions": [
                    
                ]
            }
        ],
        "meta": {
            "nf-test": "0.9.2",
            "nextflow": "24.10.5"
        },
        "timestamp": "2025-04-01T15:33:55.714700209"
    },
    "test_tnhaplotyper2 -- stub": {
        "content": [
            {
                "0": [
                    
                ],
                "1": [
                    
                ],
                "2": [
                    
                ],
                "3": [
                    
                ],
                "4": [
                    
                ],
                "5": [
                    
                ],
                "6": [
                    
                ],
                "contamination_data": [
                    
                ],
                "contamination_segments": [
                    
                ],
                "index": [
                    
                ],
                "orientation_data": [
                    
                ],
                "stats": [
                    
                ],
                "vcf": [
                    
                ],
                "versions": [
                    
                ]
            }
        ],
        "meta": {
            "nf-test": "0.9.2",
            "nextflow": "24.10.5"
        },
        "timestamp": "2025-04-01T15:34:13.534472524"
    },
    "test_tnhaplotyper2": {
        "content": [
            {
                "0": [
                    
                ],
                "1": [
                    
                ],
                "2": [
                    
                ],
                "3": [
                    
                ],
                "4": [
                    
                ],
                "5": [
                    
                ],
                "6": [
                    
                ],
                "contamination_data": [
                    
                ],
                "contamination_segments": [
                    
                ],
                "index": [
                    
                ],
                "orientation_data": [
                    
                ],
                "stats": [
                    
                ],
                "vcf": [
                    
                ],
                "versions": [
                    
                ]
            }
        ],
        "meta": {
            "nf-test": "0.9.2",
            "nextflow": "24.10.5"
        },
        "timestamp": "2025-04-01T15:33:02.550709028"
    },
    "test_tnhaplotyper2_emit_contamination_and_orientation_data": {
        "content": [
            {
                "0": [
                    
                ],
                "1": [
                    
                ],
                "2": [
                    
                ],
                "3": [
                    
                ],
                "4": [
                    
                ],
                "5": [
                    
                ],
                "6": [
                    
                ],
                "contamination_data": [
                    
                ],
                "contamination_segments": [
                    
                ],
                "index": [
                    
                ],
                "orientation_data": [
                    
                ],
                "stats": [
                    
                ],
                "vcf": [
                    
                ],
                "versions": [
                    
                ]
            }
        ],
        "meta": {
            "nf-test": "0.9.2",
            "nextflow": "24.10.5"
        },
        "timestamp": "2025-04-01T15:33:20.031644999"
    },
    "test_tnhaplotyper2_no_normal": {
        "content": [
            {
                "0": [
                    
                ],
                "1": [
                    
                ],
                "2": [
                    
                ],
                "3": [
                    
                ],
                "4": [
                    
                ],
                "5": [
                    
                ],
                "6": [
                    
                ],
                "contamination_data": [
                    
                ],
                "contamination_segments": [
                    
                ],
                "index": [
                    
                ],
                "orientation_data": [
                    
                ],
                "stats": [
                    
                ],
                "vcf": [
                    
                ],
                "versions": [
                    
                ]
            }
        ],
        "meta": {
            "nf-test": "0.9.2",
            "nextflow": "24.10.5"
        },
        "timestamp": "2025-04-01T15:33:37.788853048"
    },
    "test_tnhaplotyper2_no_pon": {
        "content": [
            {
                "0": [
                    
                ],
                "1": [
                    
                ],
                "2": [
                    
                ],
                "3": [
                    
                ],
                "4": [
                    
                ],
                "5": [
                    
                ],
                "6": [
                    
                ],
                "contamination_data": [
                    
                ],
                "contamination_segments": [
                    
                ],
                "index": [
                    
                ],
                "orientation_data": [
                    
                ],
                "stats": [
                    
                ],
                "vcf": [
                    
                ],
                "versions": [
                    
                ]
            }
        ],
        "meta": {
            "nf-test": "0.9.2",
            "nextflow": "24.10.5"
        },
        "timestamp": "2025-04-01T15:32:41.358068419"
    }
}