{
    "versions": {
        "content": [
            [
                "versions.yml:md5,7ac92d9cbf4fc44b3253832f3a8b2a80"
            ]
        ],
        "timestamp": "2023-11-27T09:59:29.280551"
    }
}